{
  "{\"file_path\": \"main.tf\", \"tf_source_modules\": null}": {
    "resource": [
      {
        "aws_s3_bucket": {
          "my_bucket": {
            "region": ["us-west-2"],
            "bucket": ["local.bucket_name"],
            "acl": ["public-read"],
            "force_destroy": [true],
            "__start_line__": 1,
            "__end_line__": 6,
            "__address__": "aws_s3_bucket.my_bucket"
          }
        }
      }
    ]
  },
  "{\"file_path\": \"variables.tf\", \"tf_source_modules\": null}": {
    "variable": [
      {
        "bucket_name": {
          "default": [
            "MyBucket"
          ],
          "__start_line__": 1,
          "__end_line__": 3,
          "__address__": "bucket_name"
        }
      },
      {
        "acl": {
          "default": [
            "public-read"
          ],
          "__start_line__": 5,
          "__end_line__": 7,
          "__address__": "acl"
        }
      },
      {
        "region": {
          "default": ["us-west-2"],
          "__start_line__": 9,
          "__end_line__": 11,
          "__address__": "region"
        }
      }
    ]
  }
}