{
  "output": {
    "ebs_sizes": {
      "value": {
        "x": 600,
        "y": 350,
        "z": 350,
        "xx": 200
      }
    }
  }
}